.next/types/app/api/driver/booking/[id]/route.ts(49,7): error TS2344: Type '{ __tag__: "GET"; __param_position__: "second"; __param_type__: { params: { id: string; }; }; }' does not satisfy the constraint 'ParamCheck<RouteContext>'.
  The types of '__param_type__.params' are incompatible between these types.
    Type '{ id: string; }' is missing the following properties from type 'Promise<any>': then, catch, finally, [Symbol.toStringTag]
.next/types/app/api/driver/bookings/[id]/route.ts(244,7): error TS2344: Type '{ __tag__: "DELETE"; __param_position__: "second"; __param_type__: { params: { id: string; }; }; }' does not satisfy the constraint 'ParamCheck<RouteContext>'.
  The types of '__param_type__.params' are incompatible between these types.
    Type '{ id: string; }' is missing the following properties from type 'Promise<any>': then, catch, finally, [Symbol.toStringTag]
src/app/api/auth/login/route.ts(5,20): error TS7016: Could not find a declaration file for module 'bcrypt'. 'C:/Users/admin/Desktop/parking-slot-booking/node_modules/bcrypt/bcrypt.js' implicitly has an 'any' type.
  Try `npm i --save-dev @types/bcrypt` if it exists or add a new declaration (.d.ts) file containing `declare module 'bcrypt';`
src/app/api/auth/signup/route.ts(5,20): error TS7016: Could not find a declaration file for module 'bcrypt'. 'C:/Users/admin/Desktop/parking-slot-booking/node_modules/bcrypt/bcrypt.js' implicitly has an 'any' type.
  Try `npm i --save-dev @types/bcrypt` if it exists or add a new declaration (.d.ts) file containing `declare module 'bcrypt';`
src/app/api/owner/parking-area/route.ts(207,42): error TS18046: 'error' is of type 'unknown'.
src/app/page.tsx(85,35): error TS2322: Type '{ hidden: { opacity: number; y: number; }; visible: { opacity: number; y: number; transition: { duration: number; ease: string; }; }; }' is not assignable to type 'Variants'.
  Property 'visible' is incompatible with index signature.
    Type '{ opacity: number; y: number; transition: { duration: number; ease: string; }; }' is not assignable to type 'Variant'.
      Type '{ opacity: number; y: number; transition: { duration: number; ease: string; }; }' is not assignable to type 'TargetAndTransition'.
        Type '{ opacity: number; y: number; transition: { duration: number; ease: string; }; }' is not assignable to type '{ transition?: Transition<any> | undefined; transitionEnd?: ResolvedValues$1 | undefined; }'.
          Types of property 'transition' are incompatible.
            Type '{ duration: number; ease: string; }' is not assignable to type 'Transition<any> | undefined'.
              Type '{ duration: number; ease: string; }' is not assignable to type 'TransitionWithValueOverrides<any>'.
                Type '{ duration: number; ease: string; }' is not assignable to type 'ValueAnimationTransition<any>'.
                  Types of property 'ease' are incompatible.
                    Type 'string' is not assignable to type 'Easing | Easing[] | undefined'.
src/components/ErrorReporter.tsx(14,19): error TS2554: Expected 1 arguments, but got 0.
src/components/ui/chart.tsx(109,3): error TS2339: Property 'payload' does not exist on type 'Omit<Props<ValueType, NameType>, PropertiesReadFromContext> & { active?: boolean | undefined; allowEscapeViewBox?: AllowInDimension | undefined; ... 24 more ...; wrapperStyle?: CSSProperties | undefined; } & ClassAttributes<...> & HTMLAttributes<...> & { ...; }'.
src/components/ui/chart.tsx(114,3): error TS2339: Property 'label' does not exist on type 'Omit<Props<ValueType, NameType>, PropertiesReadFromContext> & { active?: boolean | undefined; allowEscapeViewBox?: AllowInDimension | undefined; ... 24 more ...; wrapperStyle?: CSSProperties | undefined; } & ClassAttributes<...> & HTMLAttributes<...> & { ...; }'.
src/components/ui/chart.tsx(182,23): error TS7006: Parameter 'item' implicitly has an 'any' type.
src/components/ui/chart.tsx(182,29): error TS7006: Parameter 'index' implicitly has an 'any' type.
src/components/ui/chart.tsx(260,39): error TS2344: Type '"verticalAlign" | "payload"' does not satisfy the constraint '"string" | "path" | "href" | "origin" | "id" | "mode" | "name" | "result" | "values" | "offset" | "filter" | "fill" | "from" | "key" | "radius" | "method" | "children" | "className" | ... 428 more ... | "portal"'.
  Type '"payload"' is not assignable to type '"string" | "path" | "href" | "origin" | "id" | "mode" | "name" | "result" | "values" | "offset" | "filter" | "fill" | "from" | "key" | "radius" | "method" | "children" | "className" | ... 428 more ... | "portal"'.
src/components/ui/chart.tsx(266,17): error TS2339: Property 'length' does not exist on type '{}'.
src/components/ui/chart.tsx(278,16): error TS2339: Property 'map' does not exist on type '{}'.
src/components/ui/chart.tsx(278,21): error TS7006: Parameter 'item' implicitly has an 'any' type.
src/db/seeds/users.ts(3,20): error TS7016: Could not find a declaration file for module 'bcrypt'. 'C:/Users/admin/Desktop/parking-slot-booking/node_modules/bcrypt/bcrypt.js' implicitly has an 'any' type.
  Try `npm i --save-dev @types/bcrypt` if it exists or add a new declaration (.d.ts) file containing `declare module 'bcrypt';`
